(418) cpu_ï¿½ï¿½ï¿½ï¿½ï¿½iï¿½j5
[ï¿½ets Jun  8 2016 00:22:57

rst:0x1 (POWERON_RESET),boot:0x13 (SPI_FAST_FLASH_BOOT)
configsip: 0, SPIWP:0xee
clk_drv:0x00,q_drv:0x00,d_drv:0x00,cs0_drv:0x00,hd_drv:0x00,wp_drv:0x00
mode:DIO, clock div:2
load:0x3fff0030,len:7132
ho 0 tail 12 room 4
load:0x40078000,len:15708
load:0x40080400,len:4
ho 8 tail 4 room 4
load:0x40080404,len:3884
entry 0x40080650
[0;32mI (32) boot: ESP-IDF v5.2-dev-1962-g53ff7d43db-dirty 2nd stage bootloader[0m
[0;32mI (32) boot: compile time Aug  9 2023 21:53:24[0m
[0;32mI (35) boot: Multicore bootloader[0m
[0;32mI (39) boot: chip revision: v1.0[0m
[0;32mI (43) boot.esp32: SPI Speed      : 40MHz[0m
[0;32mI (47) boot.esp32: SPI Mode       : DIO[0m
[0;32mI (52) boot.esp32: SPI Flash Size : 4MB[0m
[0;32mI (56) boot: Enabling RNG early entropy source...[0m
[0;32mI (62) boot: Partition Table:[0m
[0;32mI (65) boot: ## Label            Usage          Type ST Offset   Length[0m
[0;32mI (73) boot:  0 nvs              WiFi data        01 02 00009000 00006000[0m
[0;32mI (80) boot:  1 phy_init         RF data          01 01 0000f000 00001000[0m
[0;32mI (87) boot:  2 factory          factory app      00 00 00010000 00100000[0m
[0;32mI (95) boot:  3 storage          Unknown data     01 82 00110000 00100000[0m
[0;32mI (102) boot: End of partition table[0m
[0;32mI (107) esp_image: segment 0: paddr=00010020 vaddr=3f400020 size=20914h (133396) map[0m
[0;32mI (163) esp_image: segment 1: paddr=0003093c vaddr=3ffb0000 size=03700h ( 14080) load[0m
[0;32mI (169) esp_image: segment 2: paddr=00034044 vaddr=40080000 size=0bfd4h ( 49108) load[0m
[0;32mI (190) esp_image: segment 3: paddr=00040020 vaddr=400d0020 size=7fe20h (523808) map[0m
[0;32mI (379) esp_image: segment 4: paddr=000bfe48 vaddr=4008bfd4 size=09658h ( 38488) load[0m
[0;32mI (406) boot: Loaded app from partition at offset 0x10000[0m
[0;32mI (406) boot: Disabling RNG early entropy source...[0m
[0;32mI (418) cpu_start: Multicore app[0m
[0;32mI (418) cpu_start: Pro cpu up.[0m
[0;32mI (418) cpu_start: Starting app cpu, entry point is 0x400811d4[0m
[0;32mI (0) cpu_start: App cpu up.[0m
[0;32mI (436) cpu_start: Pro cpu start user code[0m
[0;32mI (436) cpu_start: cpu freq: 160000000 Hz[0m
[0;32mI (436) cpu_start: Application information:[0m
[0;32mI (441) cpu_start: Project name:     esp32_spiffs_webserver[0m
[0;32mI (447) cpu_start: App version:      77ac313-dirty[0m
[0;32mI (453) cpu_start: Compile time:     Aug 11 2023 21:38:49[0m
[0;32mI (459) cpu_start: ELF file SHA256:  316641337...[0m
[0;32mI (464) cpu_start: ESP-IDF:          v5.2-dev-1962-g53ff7d43db-dirty[0m
[0;32mI (471) cpu_start: Min chip rev:     v0.0[0m
[0;32mI (476) cpu_start: Max chip rev:     v3.99 [0m
[0;32mI (481) cpu_start: Chip rev:         v1.0[0m
[0;32mI (486) heap_init: Initializing. RAM available for dynamic allocation:[0m
[0;32mI (493) heap_init: At 3FFAE6E0 len 00001920 (6 KiB): DRAM[0m
[0;32mI (499) heap_init: At 3FFB77E8 len 00028818 (162 KiB): DRAM[0m
[0;32mI (505) heap_init: At 3FFE0440 len 00003AE0 (14 KiB): D/IRAM[0m
[0;32mI (511) heap_init: At 3FFE4350 len 0001BCB0 (111 KiB): D/IRAM[0m
[0;32mI (518) heap_init: At 4009562C len 0000A9D4 (42 KiB): IRAM[0m
[0;32mI (525) spi_flash: detected chip: generic[0m
[0;32mI (528) spi_flash: flash io: dio[0m
[0;32mI (533) app_start: Starting scheduler on CPU0[0m
[0;32mI (538) app_start: Starting scheduler on CPU1[0m
[0;32mI (538) main_task: Started on CPU0[0m
[0;32mI (548) main_task: Calling app_main()[0m
[0;32mI (598) MAIN: Main app starting
[0m
[0;32mI (598) wifi_setup: wifi_init begin
[0m
[0;32mI (598) main_task: Returned from app_main()[0m
I (608) wifi:wifi driver task: 3ffc06cc, prio:23, stack:6656, core=0
I (638) wifi:wifi firmware version: 3e5caf3
I (638) wifi:wifi certification version: v7.0
I (638) wifi:config NVS flash: enabled
I (638) wifi:config nano formating: disabled
I (638) wifi:Init data frame dynamic rx buffer num: 32
I (648) wifi:Init management frame dynamic rx buffer num: 32
I (648) wifi:Init management short buffer num: 32
I (658) wifi:Init dynamic tx buffer num: 32
I (658) wifi:Init static rx buffer size: 1600
I (668) wifi:Init static rx buffer num: 10
I (668) wifi:Init dynamic rx buffer num: 32
[0;32mI (668) wifi_init: rx ba win: 6[0m
[0;32mI (678) wifi_init: tcpip mbox: 32[0m
[0;32mI (678) wifi_init: udp mbox: 6[0m
[0;32mI (678) wifi_init: tcp mbox: 6[0m
[0;32mI (688) wifi_init: tcp tx win: 5744[0m
[0;32mI (688) wifi_init: tcp rx win: 5744[0m
[0;32mI (698) wifi_init: tcp mss: 1440[0m
[0;32mI (698) wifi_init: WiFi IRAM OP enabled[0m
[0;32mI (708) wifi_init: WiFi RX IRAM OP enabled[0m
[0;32mI (708) wifi_setup: Entering from_sta_to_ap.
[0m
[0;32mI (718) wifi_setup: IP: 192.168.2.1[0m
[0;32mI (718) wifi_setup: GW: 192.168.2.1[0m
[0;32mI (718) wifi_setup: Mask: 255.255.255.0[0m
[0;32mI (728) phy_init: phy_version 4670,719f9f6,Feb 18 2021,17:07:07[0m
I (828) wifi:mode : softAP (3c:61:05:15:80:c1)
I (838) wifi:Total power save buffer number: 16
I (838) wifi:Init max length of beacon: 752/752
I (838) wifi:Init max length of beacon: 752/752
[0;32mI (838) wifi_setup: wifi_init_softap finished. SSID:ESP password:123456789[0m
[0;32mI (848) esp_netif_lwip: DHCP server started on interface WIFI_AP_DEF with IP: 192.168.2.1[0m
I (10658) wifi:new:<1,1>, old:<1,1>, ap:<1,1>, sta:<255,255>, prof:1
I (10658) wifi:station: 3c:95:09:99:ec:03 join, AID=1, bgn, 40U
I (10718) wifi:<ba-add>idx:2 (ifx:1, 3c:95:09:99:ec:03), tid:0, ssn:0, winSize:64
[0;32mI (10748) esp_netif_lwip: DHCP server assigned IP to a client, IP is: 192.168.2.2[0m
I (10798) wifi:<ba-add>idx:3 (ifx:1, 3c:95:09:99:ec:03), tid:6, ssn:2, winSize:64
