ï¿½ï¿½ï¿½ï¿½ï¿½ï¿½Ñ¥ï¿½ets Jun  8 2016 00:22:57

rst:0x1 (POWERON_RESET),boot:0x13 (SPI_FAST_FLASH_BOOT)
configsip: 0, SPIWP:0xee
clk_drv:0x00,q_drv:0x00,d_drv:0x00,cs0_drv:0x00,hd_drv:0x00,wp_drv:0x00
mode:DIO, clock div:2
load:0x3fff0030,len:7132
ho 0 tail 12 room 4
load:0x40078000,len:15708
load:0x40080400,len:4
ho 8 tail 4 room 4
load:0x40080404,len:3884
entry 0x40080650
[0;32mI (32) boot: ESP-IDF v5.2-dev-1962-g53ff7d43db-dirty 2nd stage bootloader[0m
[0;32mI (32) boot: compile time Aug 12 2023 13:54:54[0m
[0;32mI (34) boot: Multicore bootloader[0m
[0;32mI (39) boot: chip revision: v1.0[0m
[0;32mI (42) boot.esp32: SPI Speed      : 40MHz[0m
[0;32mI (47) boot.esp32: SPI Mode       : DIO[0m
[0;32mI (52) boot.esp32: SPI Flash Size : 4MB[0m
[0;32mI (56) boot: Enabling RNG early entropy source...[0m
[0;32mI (62) boot: Partition Table:[0m
[0;32mI (65) boot: ## Label            Usage          Type ST Offset   Length[0m
[0;32mI (72) boot:  0 nvs              WiFi data        01 02 00009000 00006000[0m
[0;32mI (80) boot:  1 phy_init         RF data          01 01 0000f000 00001000[0m
[0;32mI (87) boot:  2 factory          factory app      00 00 00010000 00100000[0m
[0;32mI (95) boot:  3 storage          Unknown data     01 82 00110000 00100000[0m
[0;32mI (102) boot: End of partition table[0m
[0;32mI (107) esp_image: segment 0: paddr=00010020 vaddr=3f400020 size=2457ch (148860) map[0m
[0;32mI (169) esp_image: segment 1: paddr=000345a4 vaddr=3ffb0000 size=03790h ( 14224) load[0m
[0;32mI (175) esp_image: segment 2: paddr=00037d3c vaddr=40080000 size=082dch ( 33500) load[0m
[0;32mI (189) esp_image: segment 3: paddr=00040020 vaddr=400d0020 size=8fbbch (588732) map[0m
[0;32mI (402) esp_image: segment 4: paddr=000cfbe4 vaddr=400882dc size=0d350h ( 54096) load[0m
[0;32mI (435) boot: Loaded app from partition at offset 0x10000[0m
[0;32mI (435) boot: Disabling RNG early entropy source...[0m
[0;32mI (447) cpu_start: Multicore app[0m
[0;32mI (447) cpu_start: Pro cpu up.[0m
[0;32mI (447) cpu_start: Starting app cpu, entry point is 0x400811d4[0m
[0;32mI (0) cpu_start: App cpu up.[0m
[0;32mI (467) cpu_start: Pro cpu start user code[0m
[0;32mI (467) cpu_start: cpu freq: 160000000 Hz[0m
[0;32mI (467) cpu_start: Application information:[0m
[0;32mI (472) cpu_start: Project name:     esp32_spiffs_webserver[0m
[0;32mI (478) cpu_start: App version:      2a9ba53-dirty[0m
[0;32mI (484) cpu_start: Compile time:     Aug 12 2023 13:56:45[0m
[0;32mI (490) cpu_start: ELF file SHA256:  8b66ab954...[0m
[0;32mI (495) cpu_start: ESP-IDF:          v5.2-dev-1962-g53ff7d43db-dirty[0m
[0;32mI (502) cpu_start: Min chip rev:     v0.0[0m
[0;32mI (507) cpu_start: Max chip rev:     v3.99 [0m
[0;32mI (512) cpu_start: Chip rev:         v1.0[0m
[0;32mI (517) heap_init: Initializing. RAM available for dynamic allocation:[0m
[0;32mI (524) heap_init: At 3FFAE6E0 len 00001920 (6 KiB): DRAM[0m
[0;32mI (530) heap_init: At 3FFC1A30 len 0001E5D0 (121 KiB): DRAM[0m
[0;32mI (536) heap_init: At 3FFE0440 len 00003AE0 (14 KiB): D/IRAM[0m
[0;32mI (542) heap_init: At 3FFE4350 len 0001BCB0 (111 KiB): D/IRAM[0m
[0;32mI (549) heap_init: At 4009562C len 0000A9D4 (42 KiB): IRAM[0m
[0;32mI (557) spi_flash: detected chip: generic[0m
[0;32mI (560) spi_flash: flash io: dio[0m
[0;32mI (565) app_start: Starting scheduler on CPU0[0m
[0;32mI (569) app_start: Starting scheduler on CPU1[0m
[0;32mI (569) main_task: Started on CPU0[0m
[0;32mI (579) main_task: Calling app_main()[0m
[0;32mI (629) MAIN: Main app starting
[0m
[0;32mI (629) main_task: Returned from app_main()[0m
[0;32mI (629) wifi_setup: wifi_init begin
[0m
I (639) wifi:wifi driver task: 3ffcbc78, prio:23, stack:6656, core=0
I (669) wifi:wifi firmware version: 3e5caf3
I (669) wifi:wifi certification version: v7.0
I (669) wifi:config NVS flash: enabled
I (669) wifi:config nano formating: disabled
I (669) wifi:Init data frame dynamic rx buffer num: 32
I (679) wifi:Init management frame dynamic rx buffer num: 32
I (679) wifi:Init management short buffer num: 32
I (689) wifi:Init dynamic tx buffer num: 32
I (689) wifi:Init static rx buffer size: 1600
I (699) wifi:Init static rx buffer num: 10
I (699) wifi:Init dynamic rx buffer num: 32
[0;32mI (699) wifi_init: rx ba win: 6[0m
[0;32mI (709) wifi_init: tcpip mbox: 32[0m
[0;32mI (709) wifi_init: udp mbox: 6[0m
[0;32mI (709) wifi_init: tcp mbox: 6[0m
[0;32mI (719) wifi_init: tcp tx win: 5744[0m
[0;32mI (719) wifi_init: tcp rx win: 5744[0m
[0;32mI (729) wifi_init: tcp mss: 1440[0m
[0;32mI (729) wifi_init: WiFi IRAM OP enabled[0m
[0;32mI (739) wifi_init: WiFi RX IRAM OP enabled[0m
[0;32mI (879) wifi_setup: Entering from_ap_to_sta.
[0m
[0;32mI (879) received_messages: WIFI init!
[0m
[0;32mI (889) phy_init: phy_version 4670,719f9f6,Feb 18 2021,17:07:07[0m
I (989) wifi:mode : sta (3c:61:05:15:80:c0)
I (989) wifi:enable tsf
I (999) wifi:new:<11,0>, old:<1,0>, ap:<255,255>, sta:<11,0>, prof:1
I (999) wifi:state: init -> auth (b0)
I (999) wifi:state: auth -> assoc (0)
I (1009) wifi:state: assoc -> run (10)
I (1049) wifi:connected with Jenny, aid = 9, channel 11, BW20, bssid = 98:9d:5d:9b:ee:a4
I (1049) wifi:security: WPA2-PSK, phy: bgn, rssi: -70
I (1049) wifi:pm start, type: 1

I (1079) wifi:AP's beacon interval = 102400 us, DTIM period = 3
I (1569) wifi:<ba-add>idx:0 (ifx:0, 98:9d:5d:9b:ee:a4), tid:6, ssn:1, winSize:64
[0;32mI (2549) wifi_setup: got ip:10.0.0.75[0m
[0;32mI (2549) esp_netif_handlers: sta ip: 10.0.0.75, mask: 255.255.255.0, gw: 10.0.0.1[0m
[0;32mI (2549) wifi_setup: connected to ap SSID:Jenny password:4168386922[0m
ets Jun  8 2016 00:22:57

rst:0x1 (POWERON_RESET),boot:0x13 (SPI_FAST_FLASH_BOOT)
configsip: 0, SPIWP:0xee
clk_drv:0x00,q_drv:0x00,d_drv:0x00,cs0_drv:0x00,hd_drv:0x00,wp_drv:0x00
mode:DIO, clock div:2
load:0x3fff0030,len:7132
ho 0 tail 12 room 4
load:0x40078000,len:15708
load:0x40080400,len:4
ho 8 tail 4 room 4
load:0x40080404,len:3884
entry 0x40080650
[0;32mI (32) boot: ESP-IDF v5.2-dev-1962-g53ff7d43db-dirty 2nd stage bootloader[0m
[0;32mI (32) boot: compile time Aug 12 2023 13:54:54[0m
[0;32mI (34) boot: Multicore bootloader[0m
[0;32mI (39) boot: chip revision: v1.0[0m
[0;32mI (42) boot.esp32: SPI Speed      : 40MHz[0m
[0;32mI (47) boot.esp32: SPI Mode       : DIO[0m
[0;32mI (52) boot.esp32: SPI Flash Size : 4MB[0m
[0;32mI (56) boot: Enabling RNG early entropy source...[0m
[0;32mI (62) boot: Partition Table:[0m
[0;32mI (65) boot: ## Label            Usage          Type ST Offset   Length[0m
[0;32mI (72) boot:  0 nvs              WiFi data        01 02 00009000 00006000[0m
[0;32mI (80) boot:  1 phy_init         RF data          01 01 0000f000 00001000[0m
[0;32mI (87) boot:  2 factory          factory app      00 00 00010000 00100000[0m
[0;32mI (95) boot:  3 storage          Unknown data     01 82 00110000 00100000[0m
[0;32mI (102) boot: End of partition table[0m
[0;32mI (107) esp_image: segment 0: paddr=00010020 vaddr=3f400020 size=2457ch (148860) map[0m
[0;32mI (169) esp_image: segment 1: paddr=000345a4 vaddr=3ffb0000 size=03790h ( 14224) load[0m
[0;32mI (175) esp_image: segment 2: paddr=00037d3c vaddr=40080000 size=082dch ( 33500) load[0m
[0;32mI (189) esp_image: segment 3: paddr=00040020 vaddr=400d0020 size=8fbbch (588732) map[0m
[0;32mI (402) esp_image: segment 4: paddr=000cfbe4 vaddr=400882dc size=0d350h ( 54096) load[0m
[0;32mI (435) boot: Loaded app from partition at offset 0x10000[0m
[0;32mI (435) boot: Disabling RNG early entropy source...[0m
[0;32mI (447) cpu_start: Multicore app[0m
[0;32mI (447) cpu_start: Pro cpu up.[0m
[0;32mI (447) cpu_start: Starting app cpu, entry point is 0x400811d4[0m
[0;32mI (0) cpu_start: App cpu up.[0m
[0;32mI (467) cpu_start: Pro cpu start user code[0m
[0;32mI (467) cpu_start: cpu freq: 160000000 Hz[0m
[0;32mI (467) cpu_start: Application information:[0m
[0;32mI (472) cpu_start: Project name:     esp32_spiffs_webserver[0m
[0;32mI (478) cpu_start: App version:      2a9ba53-dirty[0m
[0;32mI (484) cpu_start: Compile time:     Aug 12 2023 13:56:45[0m
[0;32mI (490) cpu_start: ELF file SHA256:  8b66ab954...[0m
[0;32mI (495) cpu_start: ESP-IDF:          v5.2-dev-1962-g53ff7d43db-dirty[0m
[0;32mI (502) cpu_start: Min chip rev:     v0.0[0m
[0;32mI (507) cpu_start: Max chip rev:     v3.99 [0m
[0;32mI (512) cpu_start: Chip rev:         v1.0[0m
[0;32mI (517) heap_init: Initializing. RAM available for dynamic allocation:[0m
[0;32mI (524) heap_init: At 3FFAE6E0 len 00001920 (6 KiB): DRAM[0m
[0;32mI (530) heap_init: At 3FFC1A30 len 0001E5D0 (121 KiB): DRAM[0m
[0;32mI (536) heap_init: At 3FFE0440 len 00003AE0 (14 KiB): D/IRAM[0m
[0;32mI (542) heap_init: At 3FFE4350 len 0001BCB0 (111 KiB): D/IRAM[0m
[0;32mI (549) heap_init: At 4009562C len 0000A9D4 (42 KiB): IRAM[0m
[0;32mI (557) spi_flash: detected chip: generic[0m
[0;32mI (560) spi_flash: flash io: dio[0m
[0;32mI (565) app_start: Starting scheduler on CPU0[0m
[0;32mI (569) app_start: Starting scheduler on CPU1[0m
[0;32mI (569) main_task: Started on CPU0[0m
[0;32mI (579) main_task: Calling app_main()[0m
[0;32mI (629) MAIN: Main app starting
[0m
[0;32mI (629) main_task: Returned from app_main()[0m
[0;32mI (629) wifi_setup: wifi_init begin
[0m
I (639) wifi:wifi driver task: 3ffcbc78, prio:23, stack:6656, core=0
I (669) wifi:wifi firmware version: 3e5caf3
I (669) wifi:wifi certification version: v7.0
I (669) wifi:config NVS flash: enabled
I (669) wifi:config nano formating: disabled
I (669) wifi:Init data frame dynamic rx buffer num: 32
I (679) wifi:Init management frame dynamic rx buffer num: 32
I (679) wifi:Init management short buffer num: 32
I (689) wifi:Init dynamic tx buffer num: 32
I (689) wifi:Init static rx buffer size: 1600
I (699) wifi:Init static rx buffer num: 10
I (699) wifi:Init dynamic rx buffer num: 32
[0;32mI (699) wifi_init: rx ba win: 6[0m
[0;32mI (709) wifi_init: tcpip mbox: 32[0m
[0;32mI (709) wifi_init: udp mbox: 6[0m
[0;32mI (709) wifi_init: tcp mbox: 6[0m
[0;32mI (719) wifi_init: tcp tx win: 5744[0m
[0;32mI (719) wifi_init: tcp rx win: 5744[0m
[0;32mI (729) wifi_init: tcp mss: 1440[0m
[0;32mI (729) wifi_init: WiFi IRAM OP enabled[0m
[0;32mI (739) wifi_init: WiFi RX IRAM OP enabled[0m
[0;32mI (879) wifi_setup: Entering from_ap_to_sta.
[0m
[0;32mI (879) received_messages: WIFI init!
[0m
[0;32mI (889) phy_init: phy_version 4670,719f9f6,Feb 18 2021,17:07:07[0m
I (989) wifi:mode : sta (3c:61:05:15:80:c0)
I (989) wifi:enable tsf
I (999) wifi:new:<11,0>, old:<1,0>, ap:<255,255>, sta:<11,0>, prof:1
I (999) wifi:state: init -> auth (b0)
I (999) wifi:state: auth -> assoc (0)
I (1009) wifi:state: assoc -> run (10)
I (1039) wifi:connected with Jenny, aid = 9, channel 11, BW20, bssid = 98:9d:5d:9b:ee:a4
I (1039) wifi:security: WPA2-PSK, phy: bgn, rssi: -72
I (1039) wifi:pm start, type: 1

I (1129) wifi:AP's beacon interval = 102400 us, DTIM period = 3
I (1549) wifi:<ba-add>idx:0 (ifx:0, 98:9d:5d:9b:ee:a4), tid:6, ssn:1, winSize:64
[0;32mI (2549) wifi_setup: got ip:10.0.0.75[0m
[0;32mI (2549) esp_netif_handlers: sta ip: 10.0.0.75, mask: 255.255.255.0, gw: 10.0.0.1[0m
[0;32mI (2549) wifi_setup: connected to ap SSID:Jenny password:4168386922[0m
ets Jun  8 2016 00:22:57

rst:0x1 (POWERON_RESET),boot:0x13 (SPI_FAST_FLASH_BOOT)
configsip: 0, SPIWP:0xee
clk_drv:0x00,q_drv:0x00,d_drv:0x00,cs0_drv:0x00,hd_drv:0x00,wp_drv:0x00
mode:DIO, clock div:2
load:0x3fff0030,len:7132
ho 0 tail 12 room 4
load:0x40078000,len:15708
load:0x40080400,len:4
ho 8 tail 4 room 4
load:0x40080404,len:3884
entry 0x40080650
[0;32mI (32) boot: ESP-IDF v5.2-dev-1962-g53ff7d43db-dirty 2nd stage bootloader[0m
[0;32mI (32) boot: compile time Aug 12 2023 13:54:54[0m
[0;32mI (34) boot: Multicore bootloader[0m
[0;32mI (39) boot: chip revision: v1.0[0m
[0;32mI (42) boot.esp32: SPI Speed      : 40MHz[0m
[0;32mI (47) boot.esp32: SPI Mode       : DIO[0m
[0;32mI (52) boot.esp32: SPI Flash Size : 4MB[0m
[0;32mI (56) boot: Enabling RNG early entropy source...[0m
[0;32mI (62) boot: Partition Table:[0m
[0;32mI (65) boot: ## Label            Usage          Type ST Offset   Length[0m
[0;32mI (72) boot:  0 nvs              WiFi data        01 02 00009000 00006000[0m
[0;32mI (80) boot:  1 phy_init         RF data          01 01 0000f000 00001000[0m
[0;32mI (87) boot:  2 factory          factory app      00 00 00010000 00100000[0m
[0;32mI (95) boot:  3 storage          Unknown data     01 82 00110000 00100000[0m
[0;32mI (102) boot: End of partition table[0m
[0;32mI (107) esp_image: segment 0: paddr=00010020 vaddr=3f400020 size=2457ch (148860) map[0m
[0;32mI (169) esp_image: segment 1: paddr=000345a4 vaddr=3ffb0000 size=03790h ( 14224) load[0m
[0;32mI (175) esp_image: segment 2: paddr=00037d3c vaddr=40080000 size=082dch ( 33500) load[0m
[0;32mI (189) esp_image: segment 3: paddr=00040020 vaddr=400d0020 size=8fbbch (588732) map[0m
[0;32mI (402) esp_image: segment 4: paddr=000cfbe4 vaddr=400882dc size=0d350h ( 54096) load[0m
[0;32mI (435) boot: Loaded app from partition at offset 0x10000[0m
[0;32mI (435) boot: Disabling RNG early entropy source...[0m
[0;32mI (447) cpu_start: Multicore app[0m
[0;32mI (447) cpu_start: Pro cpu up.[0m
[0;32mI (447) cpu_start: Starting app cpu, entry point is 0x400811d4[0m
[0;32mI (0) cpu_start: App cpu up.[0m
[0;32mI (467) cpu_start: Pro cpu start user code[0m
[0;32mI (467) cpu_start: cpu freq: 160000000 Hz[0m
[0;32mI (467) cpu_start: Application information:[0m
[0;32mI (472) cpu_start: Project name:     esp32_spiffs_webserver[0m
[0;32mI (478) cpu_start: App version:      2a9ba53-dirty[0m
[0;32mI (484) cpu_start: Compile time:     Aug 12 2023 13:56:45[0m
[0;32mI (490) cpu_start: ELF file SHA256:  8b66ab954...[0m
[0;32mI (495) cpu_start: ESP-IDF:          v5.2-dev-1962-g53ff7d43db-dirty[0m
[0;32mI (502) cpu_start: Min chip rev:     v0.0[0m
[0;32mI (507) cpu_start: Max chip rev:     v3.99 [0m
[0;32mI (512) cpu_start: Chip rev:         v1.0[0m
[0;32mI (517) heap_init: Initializing. RAM available for dynamic allocation:[0m
[0;32mI (524) heap_init: At 3FFAE6E0 len 00001920 (6 KiB): DRAM[0m
[0;32mI (530) heap_init: At 3FFC1A30 len 0001E5D0 (121 KiB): DRAM[0m
[0;32mI (536) heap_init: At 3FFE0440 len 00003AE0 (14 KiB): D/IRAM[0m
[0;32mI (542) heap_init: At 3FFE4350 len 0001BCB0 (111 KiB): D/IRAM[0m
[0;32mI (549) heap_init: At 4009562C len 0000A9D4 (42 KiB): IRAM[0m
[0;32mI (557) spi_flash: detected chip: generic[0m
[0;32mI (560) spi_flash: flash io: dio[0m
[0;32mI (565) app_start: Starting scheduler on CPU0[0m
[0;32mI (569) app_start: Starting scheduler on CPU1[0m
[0;32mI (569) main_task: Started on CPU0[0m
[0;32mI (579) main_task: Calling app_main()[0m
[0;32mI (629) MAIN: Main app starting
[0m
[0;32mI (629) main_task: Returned from app_main()[0m
[0;32mI (629) wifi_setup: wifi_init begin
[0m
I (639) wifi:wifi driver task: 3ffcbc78, prio:23, stack:6656, core=0
I (669) wifi:wifi firmware version: 3e5caf3
I (669) wifi:wifi certification version: v7.0
I (669) wifi:config NVS flash: enabled
I (669) wifi:config nano formating: disabled
I (669) wifi:Init data frame dynamic rx buffer num: 32
I (679) wifi:Init management frame dynamic rx buffer num: 32
I (679) wifi:Init management short buffer num: 32
I (689) wifi:Init dynamic tx buffer num: 32
I (689) wifi:Init static rx buffer size: 1600
I (699) wifi:Init static rx buffer num: 10
I (699) wifi:Init dynamic rx buffer num: 32
[0;32mI (699) wifi_init: rx ba win: 6[0m
[0;32mI (709) wifi_init: tcpip mbox: 32[0m
[0;32mI (709) wifi_init: udp mbox: 6[0m
[0;32mI (709) wifi_init: tcp mbox: 6[0m
[0;32mI (719) wifi_init: tcp tx win: 5744[0m
[0;32mI (719) wifi_init: tcp rx win: 5744[0m
[0;32mI (729) wifi_init: tcp mss: 1440[0m
[0;32mI (729) wifi_init: WiFi IRAM OP enabled[0m
[0;32mI (739) wifi_init: WiFi RX IRAM OP enabled[0m
[0;32mI (879) wifi_setup: Entering from_ap_to_sta.
[0m
[0;32mI (879) received_messages: WIFI init!
[0m
[0;32mI (889) phy_init: phy_version 4670,719f9f6,Feb 18 2021,17:07:07[0m
I (989) wifi:mode : sta (3c:61:05:15:80:c0)
I (989) wifi:enable tsf
I (999) wifi:new:<11,0>, old:<1,0>, ap:<255,255>, sta:<11,0>, prof:1
I (999) wifi:state: init -> auth (b0)
I (1009) wifi:state: auth -> assoc (0)
I (1019) wifi:state: assoc -> run (10)
I (1129) wifi:connected with Jenny, aid = 3, channel 11, BW20, bssid = 50:d4:f7:cd:9a:01
I (1129) wifi:security: WPA2-PSK, phy: bgn, rssi: -63
I (1129) wifi:pm start, type: 1

I (1139) wifi:AP's beacon interval = 102400 us, DTIM period = 1
[0;32mI (3139) wifi_setup: got ip:10.0.0.50[0m
[0;32mI (3139) esp_netif_handlers: sta ip: 10.0.0.50, mask: 255.255.255.0, gw: 10.0.0.1[0m
[0;32mI (3139) wifi_setup: connected to ap SSID:Jenny password:4168386922[0m
I (9239) wifi:<ba-add>idx:0 (ifx:0, 50:d4:f7:cd:9a:01), tid:0, ssn:2, winSize:64
[0;32mI (9469) URL stuff: Handshake done, the new connection was opened[0m
[0;32mI (12109) URL stuff: Got packet with message: toggle[0m
[0;32mI (12109) URL stuff: test
[0m
[0;32mI (12109) URL stuff: frame len is 6[0m
[0;32mI (12109) received_messages: toggle
[0m
[0;32mI (13539) URL stuff: Got packet with message: toggle[0m
[0;32mI (13539) URL stuff: test
[0m
[0;32mI (13539) URL stuff: frame len is 6[0m
[0;32mI (13539) received_messages: toggle
[0m
[0;32mI (16099) URL stuff: Got packet with message: toggle[0m
[0;32mI (16099) URL stuff: test
[0m
[0;32mI (16099) URL stuff: frame len is 6[0m
[0;32mI (16099) received_messages: toggle
[0m
[0;32mI (17539) URL stuff: Got packet with message: toggle[0m
[0;32mI (17539) URL stuff: test
[0m
[0;32mI (17539) URL stuff: frame len is 6[0m
[0;32mI (17539) received_messages: toggle
[0m
[0;32mI (20099) URL stuff: Got packet with message: toggle[0m
[0;32mI (20099) URL stuff: test
[0m
[0;32mI (20099) URL stuff: frame len is 6[0m
[0;32mI (20099) received_messages: toggle
[0m
[0;32mI (21549) URL stuff: Got packet with message: toggle[0m
[0;32mI (21549) URL stuff: test
[0m
[0;32mI (21549) URL stuff: frame len is 6[0m
[0;32mI (21549) received_messages: toggle
[0m
[0;32mI (24089) URL stuff: Got packet with message: toggle[0m
[0;32mI (24089) URL stuff: test
[0m
[0;32mI (24089) URL stuff: frame len is 6[0m
[0;32mI (24089) received_messages: toggle
[0m
[0;32mI (25529) URL stuff: Got packet with message: toggle[0m
[0;32mI (25529) URL stuff: test
[0m
[0;32mI (25529) URL stuff: frame len is 6[0m
[0;32mI (25529) received_messages: toggle
[0m
[0;32mI (28079) URL stuff: Got packet with message: toggle[0m
[0;32mI (28079) URL stuff: test
[0m
[0;32mI (28079) URL stuff: frame len is 6[0m
[0;32mI (28079) received_messages: toggle
[0m
[0;32mI (29519) URL stuff: Got packet with message: toggle[0m
[0;32mI (29519) URL stuff: test
[0m
[0;32mI (29519) URL stuff: frame len is 6[0m
[0;32mI (29519) received_messages: toggle
[0m
[0;32mI (32079) URL stuff: Got packet with message: toggle[0m
[0;32mI (32079) URL stuff: test
[0m
[0;32mI (32079) URL stuff: frame len is 6[0m
[0;32mI (32079) received_messages: toggle
[0m
[0;32mI (33509) URL stuff: Got packet with message: toggle[0m
[0;32mI (33509) URL stuff: test
[0m
[0;32mI (33509) URL stuff: frame len is 6[0m
[0;32mI (33509) received_messages: toggle
[0m
[0;32mI (36069) URL stuff: Got packet with message: toggle[0m
[0;32mI (36069) URL stuff: test
[0m
[0;32mI (36069) URL stuff: frame len is 6[0m
[0;32mI (36069) received_messages: toggle
[0m
[0;32mI (37609) URL stuff: Got packet with message: toggle[0m
[0;32mI (37609) URL stuff: test
[0m
[0;32mI (37609) URL stuff: frame len is 6[0m
[0;32mI (37609) received_messages: toggle
[0m
[0;32mI (40579) URL stuff: Got packet with message: toggle[0m
[0;32mI (40579) URL stuff: test
[0m
[0;32mI (40579) URL stuff: frame len is 6[0m
[0;32mI (40579) received_messages: toggle
[0m
[0;32mI (41609) URL stuff: Got packet with message: toggle[0m
[0;32mI (41609) URL stuff: test
[0m
[0;32mI (41609) URL stuff: frame len is 6[0m
[0;32mI (41609) received_messages: toggle
[0m
[0;32mI (44589) URL stuff: Got packet with message: toggle[0m
[0;32mI (44589) URL stuff: test
[0m
[0;32mI (44589) URL stuff: frame len is 6[0m
[0;32mI (44589) received_messages: toggle
[0m
[0;32mI (45589) URL stuff: Got packet with message: toggle[0m
[0;32mI (45589) URL stuff: test
[0m
[0;32mI (45589) URL stuff: frame len is 6[0m
[0;32mI (45589) received_messages: toggle
[0m
[0;32mI (48609) URL stuff: Got packet with message: toggle[0m
[0;32mI (48609) URL stuff: test
[0m
[0;32mI (48609) URL stuff: frame len is 6[0m
[0;32mI (48609) received_messages: toggle
[0m
[0;32mI (49589) URL stuff: Got packet with message: toggle[0m
[0;32mI (49589) URL stuff: test
[0m
[0;32mI (49589) URL stuff: frame len is 6[0m
[0;32mI (49589) received_messages: toggle
[0m
[0;32mI (52559) URL stuff: Got packet with message: toggle[0m
[0;32mI (52559) URL stuff: test
[0m
[0;32mI (52559) URL stuff: frame len is 6[0m
[0;32mI (52559) received_messages: toggle
[0m
[0;32mI (53579) URL stuff: Got packet with message: toggle[0m
[0;32mI (53579) URL stuff: test
[0m
[0;32mI (53579) URL stuff: frame len is 6[0m
[0;32mI (53579) received_messages: toggle
[0m
