01920 (6 KiXï¿½-'ï¿½ï¿½ï¿½ï¿½ï¿½ï¿½ï¿½ets Jun  8 2016 00:22:57

rst:0x1 (POWERON_RESET),boot:0x13 (SPI_FAST_FLASH_BOOT)
configsip: 0, SPIWP:0xee
clk_drv:0x00,q_drv:0x00,d_drv:0x00,cs0_drv:0x00,hd_drv:0x00,wp_drv:0x00
mode:DIO, clock div:2
load:0x3fff0030,len:7132
ho 0 tail 12 room 4
load:0x40078000,len:15708
load:0x40080400,len:4
ho 8 tail 4 room 4
load:0x40080404,len:3884
entry 0x40080650
[0;32mI (32) boot: ESP-IDF v5.2-dev-1962-g53ff7d43db-dirty 2nd stage bootloader[0m
[0;32mI (33) boot: compile time Sep  3 2023 20:10:31[0m
[0;32mI (35) boot: Multicore bootloader[0m
[0;32mI (39) boot: chip revision: v1.0[0m
[0;32mI (43) boot.esp32: SPI Speed      : 40MHz[0m
[0;32mI (47) boot.esp32: SPI Mode       : DIO[0m
[0;32mI (52) boot.esp32: SPI Flash Size : 4MB[0m
[0;32mI (56) boot: Enabling RNG early entropy source...[0m
[0;32mI (62) boot: Partition Table:[0m
[0;32mI (65) boot: ## Label            Usage          Type ST Offset   Length[0m
[0;32mI (73) boot:  0 nvs              WiFi data        01 02 00009000 00006000[0m
[0;32mI (80) boot:  1 otadata          OTA data         01 00 0000f000 00002000[0m
[0;32mI (88) boot:  2 phy_init         RF data          01 01 00011000 00001000[0m
[0;32mI (95) boot:  3 factory          factory app      00 00 00020000 0012c000[0m
[0;32mI (103) boot:  4 ota_0            OTA app          00 10 00150000 0012c000[0m
[0;32mI (110) boot:  5 ota_1            OTA app          00 11 00280000 0012c000[0m
[0;32mI (118) boot:  6 storage          Unknown data     01 82 003ac000 0004b000[0m
[0;32mI (125) boot: End of partition table[0m
[0;32mI (130) boot: Defaulting to factory image[0m
[0;32mI (134) esp_image: segment 0: paddr=00020020 vaddr=3f400020 size=2af4ch (175948) map[0m
[0;32mI (206) esp_image: segment 1: paddr=0004af74 vaddr=3ffb0000 size=03800h ( 14336) load[0m
[0;32mI (212) esp_image: segment 2: paddr=0004e77c vaddr=40080000 size=0189ch (  6300) load[0m
[0;32mI (215) esp_image: segment 3: paddr=00050020 vaddr=400d0020 size=a62c8h (680648) map[0m
[0;32mI (466) esp_image: segment 4: paddr=000f62f0 vaddr=4008189c size=13d90h ( 81296) load[0m
[0;32mI (511) boot: Loaded app from partition at offset 0x20000[0m
[0;32mI (511) boot: Disabling RNG early entropy source...[0m
[0;32mI (523) cpu_start: Multicore app[0m
[0;32mI (523) cpu_start: Pro cpu up.[0m
[0;32mI (523) cpu_start: Starting app cpu, entry point is 0x400811d4[0m
[0;32mI (0) cpu_start: App cpu up.[0m
[0;32mI (543) cpu_start: Pro cpu start user code[0m
[0;32mI (543) cpu_start: cpu freq: 160000000 Hz[0m
[0;32mI (543) cpu_start: Application information:[0m
[0;32mI (548) cpu_start: Project name:     esp32_spiffs_webserver[0m
[0;32mI (554) cpu_start: App version:      264934f-dirty[0m
[0;32mI (560) cpu_start: Compile time:     Sep  3 2023 20:10:08[0m
[0;32mI (566) cpu_start: ELF file SHA256:  c3222ae4b...[0m
[0;32mI (571) cpu_start: ESP-IDF:          v5.2-dev-1962-g53ff7d43db-dirty[0m
[0;32mI (578) cpu_start: Min chip rev:     v0.0[0m
[0;32mI (583) cpu_start: Max chip rev:     v3.99 [0m
[0;32mI (588) cpu_start: Chip rev:         v1.0[0m
[0;32mI (593) heap_init: Initializing. RAM available for dynamic allocation:[0m
[0;32mI (600) heap_init: At 3FFAE6E0 len 00001920 (6 KiB): DRAM[0m
[0;32mI (606) heap_init: At 3FFC20D8 len 0001DF28 (119 KiB): DRAM[0m
[0;32mI (612) heap_init: At 3FFE0440 len 00003AE0 (14 KiB): D/IRAM[0m
[0;32mI (618) heap_init: At 3FFE4350 len 0001BCB0 (111 KiB): D/IRAM[0m
[0;32mI (625) heap_init: At 4009562C len 0000A9D4 (42 KiB): IRAM[0m
[0;32mI (632) spi_flash: detected chip: generic[0m
[0;32mI (635) spi_flash: flash io: dio[0m
[0;32mI (640) app_start: Starting scheduler on CPU0[0m
[0;32mI (645) app_start: Starting scheduler on CPU1[0m
[0;32mI (645) main_task: Started on CPU0[0m
[0;32mI (655) main_task: Calling app_main()[0m
[0;32mI (705) MAIN: Main app starting
[0m
[0;31mE (705) MAIN: ##############################!!!!!!!!!!THIS IS THE NEW CODE !!!!!!!################
[0m
[0;32mI (3705) wifi_setup: wifi_init begin
[0m
I (3715) wifi:wifi driver task: 3ffcc3c8, prio:23, stack:6656, core=0
I (3745) wifi:wifi firmware version: 3e5caf3
I (3745) wifi:wifi certification version: v7.0
I (3745) wifi:config NVS flash: enabled
I (3745) wifi:config nano formating: disabled
I (3745) wifi:Init data frame dynamic rx buffer num: 32
I (3745) wifi:Init management frame dynamic rx buffer num: 32
I (3755) wifi:Init management short buffer num: 32
I (3755) wifi:Init dynamic tx buffer num: 32
I (3765) wifi:Init static rx buffer size: 1600
I (3765) wifi:Init static rx buffer num: 10
I (3775) wifi:Init dynamic rx buffer num: 32
[0;32mI (3775) wifi_init: rx ba win: 6[0m
[0;32mI (3775) wifi_init: tcpip mbox: 32[0m
[0;32mI (3785) wifi_init: udp mbox: 6[0m
[0;32mI (3785) wifi_init: tcp mbox: 6[0m
[0;32mI (3795) wifi_init: tcp tx win: 5744[0m
[0;32mI (3795) wifi_init: tcp rx win: 5744[0m
[0;32mI (3805) wifi_init: tcp mss: 1440[0m
[0;32mI (3805) wifi_init: WiFi IRAM OP enabled[0m
[0;32mI (3805) wifi_init: WiFi RX IRAM OP enabled[0m
[0;32mI (3885) wifi_setup: Entering from_ap_to_sta.
[0m
[0;32mI (3885) phy_init: phy_version 4670,719f9f6,Feb 18 2021,17:07:07[0m
I (3975) wifi:mode : sta (3c:61:05:15:80:c0)
I (3985) wifi:enable tsf
I (4065) wifi:new:<11,0>, old:<1,0>, ap:<255,255>, sta:<11,0>, prof:1
I (4065) wifi:state: init -> auth (b0)
I (4075) wifi:state: auth -> assoc (0)
I (4075) wifi:state: assoc -> run (10)
I (4115) wifi:connected with Jenny, aid = 9, channel 11, BW20, bssid = 98:9d:5d:9b:ee:a4
I (4115) wifi:security: WPA2-PSK, phy: bgn, rssi: -66
I (4115) wifi:pm start, type: 1

I (4135) wifi:<ba-add>idx:0 (ifx:0, 98:9d:5d:9b:ee:a4), tid:6, ssn:1, winSize:64
I (4165) wifi:AP's beacon interval = 102400 us, DTIM period = 3
[0;32mI (5115) wifi_setup: got ip:10.0.0.75[0m
[0;32mI (5115) wifi_setup: connected to ap SSID:Jenny password:4168386922[0m
[0;32mI (5115) esp_netif_handlers: sta ip: 10.0.0.75, mask: 255.255.255.0, gw: 10.0.0.1[0m
[0;32mI (6705) mqtt_stuff: mqtt_app_start[0m
Active Partition Label: factory
Active Partition Type: 0
Active Partition Subtype: 0
Active Partition Address: 0x00020000
Active Partition Size: 1228800 bytes
targetaddress: 0x00150000. OTA Partition Address: 0x00150000
[0;32mI (6715) mqtt_stuff: [APP] Free memory: 171280 bytes[0m
[0;32mI (6725) mqtt_stuff: Other event id:7[0m
[0;32mI (6725) MAIN: exiting while loop[0m
[0;32mI (6735) main_task: Returned from app_main()[0m
I (7035) wifi:<ba-add>idx:1 (ifx:0, 98:9d:5d:9b:ee:a4), tid:0, ssn:1, winSize:64
[0;32mI (8055) mqtt_stuff: MQTT_EVENT_CONNECTED[0m
[0;32mI (8065) mqtt_stuff: sent subscribe successful, msg_id=63815[0m
[0;32mI (8065) mqtt_stuff: sent subscribe successful, msg_id=23064[0m
[0;32mI (8105) mqtt_stuff: MQTT_EVENT_SUBSCRIBED, msg_id=63815[0m
[0;32mI (8145) mqtt_stuff: MQTT_EVENT_SUBSCRIBED, msg_id=23064[0m
