ï¿½ï¿½}ï¿½ï¿½ï¿½ï¿½ï¿½ï¿½ Sï¿½ets Jun  8 2016 00:22:57

rst:0x1 (POWERON_RESET),boot:0x13 (SPI_FAST_FLASH_BOOT)
configsip: 0, SPIWP:0xee
clk_drv:0x00,q_drv:0x00,d_drv:0x00,cs0_drv:0x00,hd_drv:0x00,wp_drv:0x00
mode:DIO, clock div:2
load:0x3fff0030,len:7132
ho 0 tail 12 room 4
load:0x40078000,len:15708
load:0x40080400,len:4
ho 8 tail 4 room 4
load:0x40080404,len:3884
entry 0x40080650
[0;32mI (32) boot: ESP-IDF v5.2-dev-1962-g53ff7d43db-dirty 2nd stage bootloader[0m
[0;32mI (32) boot: compile time Aug  9 2023 21:53:24[0m
[0;32mI (34) boot: Multicore bootloader[0m
[0;32mI (39) boot: chip revision: v1.0[0m
[0;32mI (42) boot.esp32: SPI Speed      : 40MHz[0m
[0;32mI (47) boot.esp32: SPI Mode       : DIO[0m
[0;32mI (52) boot.esp32: SPI Flash Size : 4MB[0m
[0;32mI (56) boot: Enabling RNG early entropy source...[0m
[0;32mI (62) boot: Partition Table:[0m
[0;32mI (65) boot: ## Label            Usage          Type ST Offset   Length[0m
[0;32mI (72) boot:  0 nvs              WiFi data        01 02 00009000 00006000[0m
[0;32mI (80) boot:  1 phy_init         RF data          01 01 0000f000 00001000[0m
[0;32mI (87) boot:  2 factory          factory app      00 00 00010000 00100000[0m
[0;32mI (95) boot:  3 storage          Unknown data     01 82 00110000 00100000[0m
[0;32mI (102) boot: End of partition table[0m
[0;32mI (107) esp_image: segment 0: paddr=00010020 vaddr=3f400020 size=23774h (145268) map[0m
[0;32mI (168) esp_image: segment 1: paddr=0003379c vaddr=3ffb0000 size=03750h ( 14160) load[0m
[0;32mI (173) esp_image: segment 2: paddr=00036ef4 vaddr=40080000 size=09124h ( 37156) load[0m
[0;32mI (189) esp_image: segment 3: paddr=00040020 vaddr=400d0020 size=8eb14h (584468) map[0m
[0;32mI (400) esp_image: segment 4: paddr=000ceb3c vaddr=40089124 size=0c508h ( 50440) load[0m
[0;32mI (432) boot: Loaded app from partition at offset 0x10000[0m
[0;32mI (432) boot: Disabling RNG early entropy source...[0m
[0;32mI (444) cpu_start: Multicore app[0m
[0;32mI (444) cpu_start: Pro cpu up.[0m
[0;32mI (444) cpu_start: Starting app cpu, entry point is 0x400811d4[0m
[0;32mI (0) cpu_start: App cpu up.[0m
[0;32mI (464) cpu_start: Pro cpu start user code[0m
[0;32mI (464) cpu_start: cpu freq: 160000000 Hz[0m
[0;32mI (465) cpu_start: Application information:[0m
[0;32mI (469) cpu_start: Project name:     esp32_spiffs_webserver[0m
[0;32mI (475) cpu_start: App version:      7ad3ae1-dirty[0m
[0;32mI (481) cpu_start: Compile time:     Aug  9 2023 22:44:31[0m
[0;32mI (487) cpu_start: ELF file SHA256:  33d63e7aa...[0m
[0;32mI (492) cpu_start: ESP-IDF:          v5.2-dev-1962-g53ff7d43db-dirty[0m
[0;32mI (499) cpu_start: Min chip rev:     v0.0[0m
[0;32mI (504) cpu_start: Max chip rev:     v3.99 [0m
[0;32mI (509) cpu_start: Chip rev:         v1.0[0m
[0;32mI (514) heap_init: Initializing. RAM available for dynamic allocation:[0m
[0;32mI (521) heap_init: At 3FFAE6E0 len 00001920 (6 KiB): DRAM[0m
[0;32mI (527) heap_init: At 3FFBB838 len 000247C8 (145 KiB): DRAM[0m
[0;32mI (533) heap_init: At 3FFE0440 len 00003AE0 (14 KiB): D/IRAM[0m
[0;32mI (540) heap_init: At 3FFE4350 len 0001BCB0 (111 KiB): D/IRAM[0m
[0;32mI (546) heap_init: At 4009562C len 0000A9D4 (42 KiB): IRAM[0m
[0;32mI (554) spi_flash: detected chip: generic[0m
[0;32mI (557) spi_flash: flash io: dio[0m
[0;32mI (562) app_start: Starting scheduler on CPU0[0m
[0;32mI (566) app_start: Starting scheduler on CPU1[0m
[0;32mI (566) main_task: Started on CPU0[0m
[0;32mI (576) main_task: Calling app_main()[0m
[0;32mI (626) MAIN: Main app starting
[0m
[0;31mE (626) connect WIFI: Configuring as a station
[0m
[0;32mI (626) main_task: Returned from app_main()[0m
I (646) wifi:wifi driver task: 3ffc4aec, prio:23, stack:6656, core=0
I (676) wifi:wifi firmware version: 3e5caf3
I (676) wifi:wifi certification version: v7.0
I (676) wifi:config NVS flash: enabled
I (676) wifi:config nano formating: disabled
I (676) wifi:Init data frame dynamic rx buffer num: 32
I (676) wifi:Init management frame dynamic rx buffer num: 32
I (686) wifi:Init management short buffer num: 32
I (686) wifi:Init dynamic tx buffer num: 32
I (696) wifi:Init static rx buffer size: 1600
I (696) wifi:Init static rx buffer num: 10
I (706) wifi:Init dynamic rx buffer num: 32
[0;32mI (706) wifi_init: rx ba win: 6[0m
[0;32mI (706) wifi_init: tcpip mbox: 32[0m
[0;32mI (716) wifi_init: udp mbox: 6[0m
[0;32mI (716) wifi_init: tcp mbox: 6[0m
[0;32mI (726) wifi_init: tcp tx win: 5744[0m
[0;32mI (726) wifi_init: tcp rx win: 5744[0m
[0;32mI (726) wifi_init: tcp mss: 1440[0m
[0;32mI (736) wifi_init: WiFi IRAM OP enabled[0m
[0;32mI (736) wifi_init: WiFi RX IRAM OP enabled[0m
[0;32mI (766) phy_init: phy_version 4670,719f9f6,Feb 18 2021,17:07:07[0m
I (866) wifi:mode : sta (3c:61:05:15:80:c0)
I (866) wifi:enable tsf
[0;32mI (866) connect WIFI: wifi_init_sta finished.[0m
[0;32mI (3286) connect WIFI: retry to connect to the AP[0m
[0;32mI (3286) connect WIFI: connect to the AP fail[0m
[0;32mI (5696) connect WIFI: Failed to connect to SSID:eeddd, password:4168386922[0m
[0;32mI (5696) connect WIFI: connect to the AP fail[0m
[0;31mE (5696) connect WIFI: WiFi connection failed, switch to AP mode
[0m
[0;31mE (5706) connect WIFI: Configuring as an AP
[0m
[0;31mE (5716) connect WIFI: AP SSID:ESP password:123456789
[0m
[0;32mI (5716) wifi_init: rx ba win: 6[0m
[0;32mI (5726) wifi_init: tcpip mbox: 32[0m
[0;32mI (5726) wifi_init: udp mbox: 6[0m
[0;32mI (5726) wifi_init: tcp mbox: 6[0m
[0;32mI (5736) wifi_init: tcp tx win: 5744[0m
[0;32mI (5736) wifi_init: tcp rx win: 5744[0m
[0;32mI (5746) wifi_init: tcp mss: 1440[0m
[0;32mI (5746) wifi_init: WiFi IRAM OP enabled[0m
[0;32mI (5746) wifi_init: WiFi RX IRAM OP enabled[0m
I (5756) wifi:mode : softAP (3c:61:05:15:80:c1)
I (5766) wifi:Total power save buffer number: 16
I (5766) wifi:Init max length of beacon: 752/752
I (5766) wifi:Init max length of beacon: 752/752
I (5796) wifi:Total power save buffer number: 16
[0;32mI (5796) connect WIFI: LED Control SPIFFS Web Server is running ... ...
[0m
[0;32mI (5796) esp_netif_lwip: DHCP server started on interface WIFI_AP_DEF with IP: 192.168.4.1[0m
[0;32mI (5816) esp_netif_lwip: DHCP server started on interface WIFI_AP_DEF with IP: 192.168.4.1[0m
I (30906) wifi:new:<1,1>, old:<1,1>, ap:<1,1>, sta:<255,255>, prof:1
I (30906) wifi:station: 3c:95:09:99:ec:03 join, AID=1, bgn, 40U
I (30946) wifi:<ba-add>idx:2 (ifx:1, 3c:95:09:99:ec:03), tid:0, ssn:0, winSize:64
[0;32mI (30946) esp_netif_lwip: DHCP server assigned IP to a client, IP is: 192.168.4.2[0m
I (30946) wifi:<ba-add>idx:3 (ifx:1, 3c:95:09:99:ec:03), tid:6, ssn:2, winSize:64
[0;33mW (57636) httpd_uri: httpd_uri: URI '/favicon.ico' not found[0m
[0;33mW (57646) httpd_txrx: httpd_resp_send_err: 404 Not Found - Nothing matches the given URI[0m
[0;33mW (66746) httpd_uri: httpd_uri: URI '/favicon.ico' not found[0m
[0;33mW (66746) httpd_txrx: httpd_resp_send_err: 404 Not Found - Nothing matches the given URI[0m
