[0;32mI (431)É•ï¿½ï¿½     v3.9ï¿½ets Jun  8 2016 00:22:57

rst:0x1 (POWERON_RESET),boot:0x13 (SPI_FAST_FLASH_BOOT)
configsip: 0, SPIWP:0xee
clk_drv:0x00,q_drv:0x00,d_drv:0x00,cs0_drv:0x00,hd_drv:0x00,wp_drv:0x00
mode:DIO, clock div:2
load:0x3fff0030,len:7132
ho 0 tail 12 room 4
load:0x40078000,len:15708
load:0x40080400,len:4
ho 8 tail 4 room 4
load:0x40080404,len:3884
entry 0x40080650
[0;32mI (32) boot: ESP-IDF v5.2-dev-1962-g53ff7d43db-dirty 2nd stage bootloader[0m
[0;32mI (32) boot: compile time Aug  9 2023 21:53:24[0m
[0;32mI (35) boot: Multicore bootloader[0m
[0;32mI (39) boot: chip revision: v1.0[0m
[0;32mI (43) boot.esp32: SPI Speed      : 40MHz[0m
[0;32mI (47) boot.esp32: SPI Mode       : DIO[0m
[0;32mI (52) boot.esp32: SPI Flash Size : 4MB[0m
[0;32mI (56) boot: Enabling RNG early entropy source...[0m
[0;32mI (62) boot: Partition Table:[0m
[0;32mI (65) boot: ## Label            Usage          Type ST Offset   Length[0m
[0;32mI (73) boot:  0 nvs              WiFi data        01 02 00009000 00006000[0m
[0;32mI (80) boot:  1 phy_init         RF data          01 01 0000f000 00001000[0m
[0;32mI (88) boot:  2 factory          factory app      00 00 00010000 00100000[0m
[0;32mI (95) boot:  3 storage          Unknown data     01 82 00110000 00100000[0m
[0;32mI (102) boot: End of partition table[0m
[0;32mI (107) esp_image: segment 0: paddr=00010020 vaddr=3f400020 size=1f378h (127864) map[0m
[0;32mI (161) esp_image: segment 1: paddr=0002f3a0 vaddr=3ffb0000 size=00c78h (  3192) load[0m
[0;32mI (163) esp_image: segment 2: paddr=00030020 vaddr=400d0020 size=7a5f0h (501232) map[0m
[0;32mI (348) esp_image: segment 3: paddr=000aa618 vaddr=3ffb0c78 size=02a88h ( 10888) load[0m
[0;32mI (353) esp_image: segment 4: paddr=000ad0a8 vaddr=40080000 size=15610h ( 87568) load[0m
[0;32mI (401) boot: Loaded app from partition at offset 0x10000[0m
[0;32mI (401) boot: Disabling RNG early entropy source...[0m
[0;32mI (413) cpu_start: Multicore app[0m
[0;32mI (413) cpu_start: Pro cpu up.[0m
[0;32mI (413) cpu_start: Starting app cpu, entry point is 0x400811d4[0m
[0;32mI (0) cpu_start: App cpu up.[0m
[0;32mI (431) cpu_start: Pro cpu start user code[0m
[0;32mI (431) cpu_start: cpu freq: 160000000 Hz[0m
[0;32mI (431) cpu_start: Application information:[0m
[0;32mI (436) cpu_start: Project name:     esp32_spiffs_webserver[0m
[0;32mI (442) cpu_start: App version:      77ac313-dirty[0m
[0;32mI (447) cpu_start: Compile time:     Aug 11 2023 21:38:49[0m
[0;32mI (454) cpu_start: ELF file SHA256:  12031dc43...[0m
[0;32mI (459) cpu_start: ESP-IDF:          v5.2-dev-1962-g53ff7d43db-dirty[0m
[0;32mI (466) cpu_start: Min chip rev:     v0.0[0m
[0;32mI (471) cpu_start: Max chip rev:     v3.99 [0m
[0;32mI (475) cpu_start: Chip rev:         v1.0[0m
[0;32mI (480) heap_init: Initializing. RAM available for dynamic allocation:[0m
[0;32mI (488) heap_init: At 3FFAE6E0 len 00001920 (6 KiB): DRAM[0m
[0;32mI (493) heap_init: At 3FFB7788 len 00028878 (162 KiB): DRAM[0m
[0;32mI (500) heap_init: At 3FFE0440 len 00003AE0 (14 KiB): D/IRAM[0m
[0;32mI (506) heap_init: At 3FFE4350 len 0001BCB0 (111 KiB): D/IRAM[0m
[0;32mI (513) heap_init: At 40095610 len 0000A9F0 (42 KiB): IRAM[0m
[0;32mI (520) spi_flash: detected chip: generic[0m
[0;32mI (523) spi_flash: flash io: dio[0m
[0;32mI (528) app_start: Starting scheduler on CPU0[0m
[0;32mI (532) app_start: Starting scheduler on CPU1[0m
[0;32mI (532) main_task: Started on CPU0[0m
[0;32mI (542) main_task: Calling app_main()[0m
[0;32mI (592) MAIN: Main app starting
[0m
[0;32mI (592) wifi_setup: wifi_init begin
[0m
[0;32mI (592) main_task: Returned from app_main()[0m
I (602) wifi:wifi driver task: 3ffc066c, prio:23, stack:6656, core=0
I (632) wifi:wifi firmware version: 3e5caf3
I (632) wifi:wifi certification version: v7.0
I (632) wifi:config NVS flash: enabled
I (632) wifi:config nano formating: disabled
I (632) wifi:Init data frame dynamic rx buffer num: 32
I (642) wifi:Init management frame dynamic rx buffer num: 32
I (642) wifi:Init management short buffer num: 32
I (652) wifi:Init dynamic tx buffer num: 32
I (652) wifi:Init static rx buffer size: 1600
I (662) wifi:Init static rx buffer num: 10
I (662) wifi:Init dynamic rx buffer num: 32
[0;32mI (662) wifi_init: rx ba win: 6[0m
[0;32mI (672) wifi_init: tcpip mbox: 32[0m
[0;32mI (672) wifi_init: udp mbox: 6[0m
[0;32mI (672) wifi_init: tcp mbox: 6[0m
[0;32mI (682) wifi_init: tcp tx win: 5744[0m
[0;32mI (682) wifi_init: tcp rx win: 5744[0m
[0;32mI (692) wifi_init: tcp mss: 1440[0m
[0;32mI (692) wifi_init: WiFi IRAM OP enabled[0m
[0;32mI (702) wifi_init: WiFi RX IRAM OP enabled[0m
